This is pdfTeX, Version 3.1415926-1.40.9 (MiKTeX 2.7) (preloaded format=latex 2010.1.26)  26 JAN 2010 23:00
entering extended mode
**\makeatletter\def\HCode{\futurelet\HCode\HChar}\def\HChar{\ifx\HCode\def\HCod
e##1{\Link##1}\expandafter\HCode\else\expandafter\Link\fi}\def\Link#1.a.b.c.{\g
@addto@macro\@documentclasshook{\RequirePackage[#1,html]{tex4ht}}\let\HCode\doc
umentstyle\def\documentstyle{\let\documentstyle\HCode\expandafter\def\csname te
x4ht\endcsname{#1,html}\def\HCode####1{\documentstyle[tex4ht,}\@ifnextchar[{\HC
ode}{\documentstyle[tex4ht]}}}\makeatother\HCode .a.b.c.\input  errata2.tex
(errata2.tex ("C:\Program Files\MiKTeX 2.7\tex\latex\base\article.cls"
Document Class: article 2005/09/16 v1.4f Standard LaTeX document class
("C:\Program Files\MiKTeX 2.7\tex\latex\base\size10.clo"
File: size10.clo 2005/09/16 v1.4f Standard LaTeX file (size option)
)
\c@part=\count79
\c@section=\count80
\c@subsection=\count81
\c@subsubsection=\count82
\c@paragraph=\count83
\c@subparagraph=\count84
\c@figure=\count85
\c@table=\count86
\abovecaptionskip=\skip41
\belowcaptionskip=\skip42
\bibindent=\dimen102
)
("C:\Program Files\MiKTeX 2.7\tex\generic\tex4ht\tex4ht.sty"
version 2008-10-27-17:23
Package: tex4ht 
--------------------------------------
--- Note --- for _ at preamble, use the command line option `early_'
--------------------------------------
--------------------------------------
--- Note --- for ^ at preamble, use the command line option `early^'
--------------------------------------
\tmp:toks=\toks14
)
("C:\Program Files\MiKTeX 2.7\tex\generic\tex4ht\usepackage.4ht"
version 2009-05-21-09:32
)
("C:\Program Files\MiKTeX 2.7\tex\latex\base\fontenc.sty"
Package: fontenc 2005/09/27 v1.99g Standard LaTeX package

("C:\Program Files\MiKTeX 2.7\tex\latex\base\t1enc.def"
File: t1enc.def 2005/09/27 v1.99g Standard LaTeX file
LaTeX Font Info:    Redeclaring font encoding T1 on input line 43.
))
("C:\Program Files\MiKTeX 2.7\tex\latex\amsmath\amsmath.sty"
Package: amsmath 2000/07/18 v2.13 AMS math features
\@mathmargin=\skip43

For additional information on amsmath, use the `?' option.
("C:\Program Files\MiKTeX 2.7\tex\latex\amsmath\amstext.sty"
Package: amstext 2000/06/29 v2.01

("C:\Program Files\MiKTeX 2.7\tex\latex\amsmath\amsgen.sty"
File: amsgen.sty 1999/11/30 v2.0
\@emptytoks=\toks15
\ex@=\dimen103
))
("C:\Program Files\MiKTeX 2.7\tex\latex\amsmath\amsbsy.sty"
Package: amsbsy 1999/11/29 v1.2d
\pmbraise@=\dimen104
)
("C:\Program Files\MiKTeX 2.7\tex\latex\amsmath\amsopn.sty"
Package: amsopn 1999/12/14 v2.01 operator names
)
\inf@bad=\count87
LaTeX Info: Redefining \frac on input line 211.
\uproot@=\count88
\leftroot@=\count89
LaTeX Info: Redefining \overline on input line 307.
\classnum@=\count90
\DOTSCASE@=\count91
LaTeX Info: Redefining \ldots on input line 379.
LaTeX Info: Redefining \dots on input line 382.
LaTeX Info: Redefining \cdots on input line 467.
\Mathstrutbox@=\box26
\strutbox@=\box27
\big@size=\dimen105
LaTeX Font Info:    Redeclaring font encoding OML on input line 567.
LaTeX Font Info:    Redeclaring font encoding OMS on input line 568.
\macc@depth=\count92
\c@MaxMatrixCols=\count93
\dotsspace@=\muskip10
\c@parentequation=\count94
\dspbrk@lvl=\count95
\tag@help=\toks16
\row@=\count96
\column@=\count97
\maxfields@=\count98
\andhelp@=\toks17
\eqnshift@=\dimen106
\alignsep@=\dimen107
\tagshift@=\dimen108
\tagwidth@=\dimen109
\totwidth@=\dimen110
\lineht@=\dimen111
\@envbody=\toks18
\multlinegap=\skip44
\multlinetaggap=\skip45
\mathdisplay@stack=\toks19
LaTeX Info: Redefining \[ on input line 2666.
LaTeX Info: Redefining \] on input line 2667.
)
("C:\Program Files\MiKTeX 2.7\tex\latex\base\textcomp.sty"
Package: textcomp 2005/09/27 v1.99g Standard LaTeX package
Package textcomp Info: Sub-encoding information:
(textcomp)               5 = only ISO-Adobe without \textcurrency
(textcomp)               4 = 5 + \texteuro
(textcomp)               3 = 4 + \textohm
(textcomp)               2 = 3 + \textestimated + \textcurrency
(textcomp)               1 = TS1 - \textcircled - \t
(textcomp)               0 = TS1 (full)
(textcomp)             Font families with sub-encoding setting implement
(textcomp)             only a restricted character set as indicated.
(textcomp)             Family '?' is the default used for unknown fonts.
(textcomp)             See the documentation for details.
Package textcomp Info: Setting ? sub-encoding to TS1/1 on input line 71.

("C:\Program Files\MiKTeX 2.7\tex\latex\base\ts1enc.def"
File: ts1enc.def 2001/06/05 v3.0e (jk/car/fm) Standard LaTeX file
)
LaTeX Info: Redefining \oldstylenums on input line 266.
Package textcomp Info: Setting cmr sub-encoding to TS1/0 on input line 281.
Package textcomp Info: Setting cmss sub-encoding to TS1/0 on input line 282.
Package textcomp Info: Setting cmtt sub-encoding to TS1/0 on input line 283.
Package textcomp Info: Setting cmvtt sub-encoding to TS1/0 on input line 284.
Package textcomp Info: Setting cmbr sub-encoding to TS1/0 on input line 285.
Package textcomp Info: Setting cmtl sub-encoding to TS1/0 on input line 286.
Package textcomp Info: Setting ccr sub-encoding to TS1/0 on input line 287.
Package textcomp Info: Setting ptm sub-encoding to TS1/4 on input line 288.
Package textcomp Info: Setting pcr sub-encoding to TS1/4 on input line 289.
Package textcomp Info: Setting phv sub-encoding to TS1/4 on input line 290.
Package textcomp Info: Setting ppl sub-encoding to TS1/3 on input line 291.
Package textcomp Info: Setting pag sub-encoding to TS1/4 on input line 292.
Package textcomp Info: Setting pbk sub-encoding to TS1/4 on input line 293.
Package textcomp Info: Setting pnc sub-encoding to TS1/4 on input line 294.
Package textcomp Info: Setting pzc sub-encoding to TS1/4 on input line 295.
Package textcomp Info: Setting bch sub-encoding to TS1/4 on input line 296.
Package textcomp Info: Setting put sub-encoding to TS1/5 on input line 297.
Package textcomp Info: Setting uag sub-encoding to TS1/5 on input line 298.
Package textcomp Info: Setting ugq sub-encoding to TS1/5 on input line 299.
Package textcomp Info: Setting ul8 sub-encoding to TS1/4 on input line 300.
Package textcomp Info: Setting ul9 sub-encoding to TS1/4 on input line 301.
Package textcomp Info: Setting augie sub-encoding to TS1/5 on input line 302.
Package textcomp Info: Setting dayrom sub-encoding to TS1/3 on input line 303.
Package textcomp Info: Setting dayroms sub-encoding to TS1/3 on input line 304.

Package textcomp Info: Setting pxr sub-encoding to TS1/0 on input line 305.
Package textcomp Info: Setting pxss sub-encoding to TS1/0 on input line 306.
Package textcomp Info: Setting pxtt sub-encoding to TS1/0 on input line 307.
Package textcomp Info: Setting txr sub-encoding to TS1/0 on input line 308.
Package textcomp Info: Setting txss sub-encoding to TS1/0 on input line 309.
Package textcomp Info: Setting txtt sub-encoding to TS1/0 on input line 310.
Package textcomp Info: Setting futs sub-encoding to TS1/4 on input line 311.
Package textcomp Info: Setting futx sub-encoding to TS1/4 on input line 312.
Package textcomp Info: Setting futj sub-encoding to TS1/4 on input line 313.
Package textcomp Info: Setting hlh sub-encoding to TS1/3 on input line 314.
Package textcomp Info: Setting hls sub-encoding to TS1/3 on input line 315.
Package textcomp Info: Setting hlst sub-encoding to TS1/3 on input line 316.
Package textcomp Info: Setting hlct sub-encoding to TS1/5 on input line 317.
Package textcomp Info: Setting hlx sub-encoding to TS1/5 on input line 318.
Package textcomp Info: Setting hlce sub-encoding to TS1/5 on input line 319.
Package textcomp Info: Setting hlcn sub-encoding to TS1/5 on input line 320.
Package textcomp Info: Setting hlcw sub-encoding to TS1/5 on input line 321.
Package textcomp Info: Setting hlcf sub-encoding to TS1/5 on input line 322.
Package textcomp Info: Setting pplx sub-encoding to TS1/3 on input line 323.
Package textcomp Info: Setting pplj sub-encoding to TS1/3 on input line 324.
Package textcomp Info: Setting ptmx sub-encoding to TS1/4 on input line 325.
Package textcomp Info: Setting ptmj sub-encoding to TS1/4 on input line 326.
)
("C:\Program Files\MiKTeX 2.7\tex\latex\hyperref\hyperref.sty"
Package: hyperref 2009/04/04 v6.78q Hypertext links for LaTeX

("C:\Program Files\MiKTeX 2.7\tex\latex\graphics\keyval.sty"
Package: keyval 1999/03/16 v1.13 key=value parser (DPC)
\KV@toks@=\toks20
)
("C:\Program Files\MiKTeX 2.7\tex\generic\oberdiek\ifpdf.sty"
Package: ifpdf 2009/04/10 v2.0 Provides the ifpdf switch (HO)
Package ifpdf Info: pdfTeX in pdf mode not detected.
)
("C:\Program Files\MiKTeX 2.7\tex\generic\oberdiek\ifvtex.sty"
Package: ifvtex 2008/11/04 v1.4 Switches for detecting VTeX and its modes (HO)
Package ifvtex Info: VTeX not detected.
)
("C:\Program Files\MiKTeX 2.7\tex\latex\ifxetex\ifxetex.sty"
Package: ifxetex 2009/01/23 v0.5 Provides ifxetex conditional
)
("C:\Program Files\MiKTeX 2.7\tex\latex\oberdiek\hycolor.sty"
Package: hycolor 2008/09/08 v1.4 Code for color options of hyperref/bookmark (H
O)

("C:\Program Files\MiKTeX 2.7\tex\latex\oberdiek\xcolor-patch.sty"
Package: xcolor-patch 2008/09/08 xcolor patch
))
\@linkdim=\dimen112
\Hy@linkcounter=\count99
\Hy@pagecounter=\count100

("C:\Program Files\MiKTeX 2.7\tex\latex\hyperref\pd1enc.def"
File: pd1enc.def 2009/04/04 v6.78q Hyperref: PDFDocEncoding definition (HO)
)
("C:\Program Files\MiKTeX 2.7\tex\generic\oberdiek\etexcmds.sty"
Package: etexcmds 2007/12/12 v1.2 Prefix for e-TeX command names (HO)

("C:\Program Files\MiKTeX 2.7\tex\generic\oberdiek\infwarerr.sty"
Package: infwarerr 2007/09/09 v1.2 Providing info/warning/message (HO)
)
Package etexcmds Info: Could not find \expanded.
(etexcmds)             That can mean that you are not using pdfTeX 1.50 or
(etexcmds)             that some package has redefined \expanded.
(etexcmds)             In the latter case, load this package earlier.
)
("C:\Program Files\MiKTeX 2.7\tex\latex\00miktex\hyperref.cfg"
File: hyperref.cfg 2002/06/06 v1.2 hyperref configuration of TeXLive
)
("C:\Program Files\MiKTeX 2.7\tex\latex\oberdiek\kvoptions.sty"
Package: kvoptions 2009/04/10 v3.1 Keyval support for LaTeX options (HO)
)
Package hyperref Info: Option `colorlinks' set `true' on input line 2845.
Package hyperref Info: Hyper figures OFF on input line 2956.
Package hyperref Info: Link nesting OFF on input line 2961.
Package hyperref Info: Hyper index ON on input line 2964.
Package hyperref Info: Plain pages OFF on input line 2971.
Package hyperref Info: Backreferencing OFF on input line 2976.

Implicit mode ON; LaTeX internals redefined
Package hyperref Info: Bookmarks ON on input line 3166.
("C:\Program Files\MiKTeX 2.7\tex\latex\ltxmisc\url.sty"
\Urlmuskip=\muskip11
Package: url 2006/04/12  ver 3.3  Verb mode for urls, etc.
)
LaTeX Info: Redefining \url on input line 3403.

("C:\Program Files\MiKTeX 2.7\tex\generic\oberdiek\bitset.sty"
Package: bitset 2007/09/28 v1.0 Data type bit set (HO)

("C:\Program Files\MiKTeX 2.7\tex\generic\oberdiek\intcalc.sty"
Package: intcalc 2007/09/27 v1.1 Expandable integer calculations (HO)
)
("C:\Program Files\MiKTeX 2.7\tex\generic\oberdiek\bigintcalc.sty"
Package: bigintcalc 2007/11/11 v1.1 Expandable big integer calculations (HO)

("C:\Program Files\MiKTeX 2.7\tex\generic\oberdiek\pdftexcmds.sty"
Package: pdftexcmds 2009/04/10 v0.4 LuaTeX support for pdfTeX utility functions
 (HO)

("C:\Program Files\MiKTeX 2.7\tex\generic\oberdiek\ifluatex.sty"
Package: ifluatex 2009/04/10 v1.1 Provides the ifluatex switch (HO)
Package ifluatex Info: LuaTeX not detected.
)
Package pdftexcmds Info: LuaTeX not detected on input line 145.
)))
("C:\Program Files\MiKTeX 2.7\tex\generic\oberdiek\kvsetkeys.sty"
Package: kvsetkeys 2007/09/29 v1.3 Key value parser with default handler suppor
t (HO)
)
\Fld@menulength=\count101
\Field@Width=\dimen113
\Fld@charsize=\dimen114
\Field@toks=\toks21
Package hyperref Info: Hyper figures OFF on input line 4320.
Package hyperref Info: Link nesting OFF on input line 4325.
Package hyperref Info: Hyper index ON on input line 4328.
Package hyperref Info: backreferencing OFF on input line 4335.
Package hyperref Info: Link coloring ON on input line 4338.
Package hyperref Info: Link coloring with OCG OFF on input line 4345.
Package hyperref Info: PDF/A mode OFF on input line 4350.

("C:\Program Files\MiKTeX 2.7\tex\generic\oberdiek\atbegshi.sty"
Package: atbegshi 2008/07/31 v1.9 At begin shipout hook (HO)
)
\Hy@abspage=\count102

Hyperref stopped early
)
*hyperref using driver htex4ht*
("C:\Program Files\MiKTeX 2.7\tex\latex\hyperref\htex4ht.def"
File: htex4ht.def 2009/04/04 v6.78q Hyperref driver for TeX4ht

hyperref tex4ht: tex4ht already loaded
) ("C:\Program Files\MiKTeX 2.7\tex\latex\geometry\geometry.sty"
Package: geometry 2008/12/21 v4.2 Page Geometry
\Gm@cnth=\count103
\Gm@cntv=\count104
\c@Gm@tempcnt=\count105
\Gm@bindingoffset=\dimen115
\Gm@wd@mp=\dimen116
\Gm@odd@mp=\dimen117
\Gm@even@mp=\dimen118
\Gm@dimlist=\toks22

("C:\Program Files\MiKTeX 2.7\tex\latex\geometry\geometry.cfg"))
("C:\Program Files\MiKTeX 2.7\tex\latex\paralist\paralist.sty"
Package: paralist 2002/03/18 v2.3b Extended list environments (BS)
\pltopsep=\skip46
\plpartopsep=\skip47
\plitemsep=\skip48
\plparsep=\skip49
\pl@lab=\toks23
)
("C:\Program Files\MiKTeX 2.7\tex\latex\tools\varioref.sty"
Package: varioref 2006/05/13 v1.4p package for extended references (FMi)
\c@vrcnt=\count106
)
("C:\Program Files\MiKTeX 2.7\tex\latex\microtype\microtype.sty"
Package: microtype 2010/01/10 v2.4 Micro-typography with pdfTeX (RS)
\MT@toks=\toks24
\MT@count=\count107
LaTeX Info: Redefining \lsstyle on input line 1597.
LaTeX Info: Redefining \lslig on input line 1597.
\MT@outer@space=\skip50
LaTeX Info: Redefining \textls on input line 1605.
\MT@outer@kern=\dimen119
LaTeX Info: Redefining \textmicrotypecontext on input line 2156.
Package microtype Info: Loading configuration file microtype.cfg.

("C:\Program Files\MiKTeX 2.7\tex\latex\microtype\microtype.cfg"
File: microtype.cfg 2010/01/10 v2.4 microtype main configuration file (RS)
))
("C:\Program Files\MiKTeX 2.7\tex\latex\tools\bm.sty"
Package: bm 2004/02/26 v1.1c Bold Symbol Support (DPC/FMi)
\symboldoperators=\mathgroup4
\symboldletters=\mathgroup5
\symboldsymbols=\mathgroup6
LaTeX Font Info:    Redeclaring math alphabet \mathbf on input line 137.
LaTeX Info: Redefining \bm on input line 203.
)
("C:\Program Files\MiKTeX 2.7\tex\latex\tools\xspace.sty"
Package: xspace 2006/05/08 v1.12 Space after command names (DPC,MH)
)
("C:\Program Files\MiKTeX 2.7\tex\latex\base\makeidx.sty"
Package: makeidx 2000/03/29 v1.0m Standard LaTeX package
) (preamble.tex
\c@regequation=\count108
\c@mycounter=\count109
)
("C:\Program Files\MiKTeX 2.7\tex\generic\tex4ht\tex4ht.4ht"
version 2009-01-07-07:11
--------------------------------------
--- Note --- for additional information, use the command line option `info'
--------------------------------------

::::::::::::::::::::::::::::::::::::::::::
 TeX4ht info is available in the log file 
::::::::::::::::::::::::::::::::::::::::::
) ("C:\Program Files\MiKTeX 2.7\tex\generic\tex4ht\tex4ht.sty"
version 2008-10-27-17:23

("C:\Program Files\MiKTeX 2.7\tex\latex\graphics\color.sty"
Package: color 2005/11/14 v1.0j Standard LaTeX Color (DPC)

("C:\Program Files\MiKTeX 2.7\tex\latex\00miktex\color.cfg"
File: color.cfg 2007/01/18 v1.5 color configuration of teTeX/TeXLive
)
Package color Info: Driver file: dvips.def on input line 130.

("C:\Program Files\MiKTeX 2.7\tex\latex\graphics\dvips.def"
File: dvips.def 1999/02/16 v3.0i Driver-dependant file (DPC,SPQR)
)
("C:\Program Files\MiKTeX 2.7\tex\latex\graphics\dvipsnam.def"
File: dvipsnam.def 1999/02/16 v3.0i Driver-dependant file (DPC,SPQR)
))
--- needs --- tex4ht errata2 ---
\tmp:cnt=\count110
(errata2.tmp)
\tmp:dim=\skip51
--------------------------------------
--- Note --- for XML code, use the command line option `xml' or `xhtml'
--------------------------------------
 (errata2.xref)
\:refout=\write3

("C:\Program Files\MiKTeX 2.7\tex\generic\tex4ht\html4.4ht"
version 2009-05-18-23:01
--------------------------------------
--- Note --- to remove the <?xml version=...?> processing instruction use the c
ommand line option `no-VERSION'
--------------------------------------
--------------------------------------
--- Note --- to remove the DOCTYPE declaration use the command line option `no-
DOCTYPE'
--------------------------------------
)
("C:\Program Files\MiKTeX 2.7\tex\generic\tex4ht\html4-math.4ht"
version 2009-05-18-23:01
)
--------------------------------------
--- Note --- for marking of the base font, use the command line option `fonts+'

--------------------------------------
--------------------------------------
--- Note --- for non active _, use the command line option `no_'
--------------------------------------
--------------------------------------
--- Note --- for _ of catcode 13, use the command line option `_13'
--------------------------------------
--------------------------------------
--- Note --- for non active ^, use the command line option `no^'
--------------------------------------
--------------------------------------
--- Note --- for ^ of catcode 13, use the command line option `^13'
--------------------------------------

("C:\Program Files\MiKTeX 2.7\tex\generic\tex4ht\html4.4ht"
version 2009-05-18-23:01
--------------------------------------
--- Note --- for alternative charset, use the command line option `charset=...'

--------------------------------------
--------------------------------------
--- Note --- to ignore CSS font decoration, use the `NoFonts' command line opti
on
--------------------------------------
--------------------------------------
--- Note --- for jpg bitmaps of pictures, use the `jpg' command line option. (C
haracter bitmaps are controled only by `g' records of tex4ht.env and `-g' switc
hes of tex4ht.c) 
--------------------------------------
--------------------------------------
--- Note --- for gif bitmaps of pictures, use the `gif' command line option. (C
haracter bitmaps are controled only by `g' records of tex4ht.env and `-g' switc
hes of tex4ht.c) 
--------------------------------------
--------------------------------------
--- Note --- for content and toc in 2 frames, use the command line option `fram
es'
--------------------------------------
--------------------------------------
--- Note --- for content, toc, and footnotes in 3 frames, use the command line 
option `frames-fn'
--------------------------------------
--------------------------------------
--- Note --- for file extension name xht, use the command line option `xht'
--------------------------------------
TeX4ht package options: html
--------------------------------------
--- Note --- to ignore CSS code, use the command line option `-css
--------------------------------------
--------------------------------------
--- Note --- for inline CSS code, use the command line option `css-in'
--------------------------------------
--------------------------------------
--- Note --- for pop ups on mouse over, use the command line option `mouseover'

--------------------------------------
--------------------------------------
--- Note --- for addressing images in a subdirectory, use the command line opti
on `imgdir:.../'
--------------------------------------
)
("C:\Program Files\MiKTeX 2.7\tex\generic\tex4ht\html4-math.4ht"
version 2009-05-18-23:01
)
\:tokwrite=\toks25
\:tokpage=\toks26
--------------------------------------
--- Note --- for back links to toc, use the command line option `sections+'
--------------------------------------
--------------------------------------
--- Note --- for linear crosslinks of pages, use the command line option `next'

--------------------------------------
\:tocout=\write4

("C:\Program Files\MiKTeX 2.7\tex\generic\tex4ht\html4.4ht"
version 2009-05-18-23:01
)
("C:\Program Files\MiKTeX 2.7\tex\generic\tex4ht\html4-math.4ht"
version 2009-05-18-23:01
)
("C:\Program Files\MiKTeX 2.7\tex\generic\tex4ht\latex.4ht"
version 2009-05-21-09:32
--------------------------------------
--- Note --- for links into captions, instead of float heads, use the command l
ine option `refcaption'
--------------------------------------

("C:\Program Files\MiKTeX 2.7\tex\generic\tex4ht\html4.4ht"
version 2009-05-18-23:01
--------------------------------------
--- Note --- For mini tocs immediately aftter the header use the command line o
ption `minitoc<'
--------------------------------------
--------------------------------------
--- Note --- for enumerated list elements with valued data, use the command lin
e option `enumerate+'
--------------------------------------
--------------------------------------
--- Note --- for enumerated list elements li's with value attributes, use the c
ommand line option `enumerate-'
--------------------------------------
--------------------------------------
--- Note --- for CSS2 code, use the command line option `css2'
--------------------------------------
--------------------------------------
--- Note --- for pictorial tabular, use the command line option `pic-tabular'
--------------------------------------
--------------------------------------
--- Note --- for bitmap fbox'es, use the command line option `pic-fbox'
--------------------------------------
--------------------------------------
--- Note --- for bitmap framebox'es, use the command line option `pic-framebox'

--------------------------------------
--------------------------------------
--- Note --- for inline footnotes use command line option `fn-in'
--------------------------------------
--------------------------------------
--- Note --- for tracing of latex font commands, use the command line option `f
onts'
--------------------------------------
--------------------------------------
--- Note --- for width specifications of tabular p entries, use the `p-width' c
ommand line option or a configuration similar to \Configure{HColWidth}{\HCode{ 
style="width:\HColWidth"}}
--------------------------------------
)
("C:\Program Files\MiKTeX 2.7\tex\generic\tex4ht\html4-math.4ht"
version 2009-05-18-23:01
--------------------------------------
--- Note --- for pictorial eqnarray, use the command line option `pic-eqnarray'

--------------------------------------
--------------------------------------
--- Note --- for pictorial array, use the command line option `pic-array'
--------------------------------------
--------------------------------------
--- Note --- for pictorial $...$ environments, use the command line option `pic
-m' (not recommended!!)
--------------------------------------
--------------------------------------
--- Note --- for pictorial $...$ and $$...$$ environments with latex alt, use t
he command line option `pic-m+' (not safe!!)
--------------------------------------
--------------------------------------
--- Note --- for pictorial array, use the command line option `pic-array'
--------------------------------------
))
("C:\Program Files\MiKTeX 2.7\tex\generic\tex4ht\fontmath.4ht"
version 2009-05-21-09:32

("C:\Program Files\MiKTeX 2.7\tex\generic\tex4ht\html4.4ht"
version 2009-05-18-23:01
)
("C:\Program Files\MiKTeX 2.7\tex\generic\tex4ht\html4-math.4ht"
version 2009-05-18-23:01
))
("C:\Program Files\MiKTeX 2.7\tex\generic\tex4ht\article.4ht"
version 2009-05-21-09:32

("C:\Program Files\MiKTeX 2.7\tex\generic\tex4ht\html4.4ht"
version 2009-05-18-23:01
--------------------------------------
--- Note --- for automatic sectioning pagination, use the command line option `
1', `2', `3', '4', '5', '6', or '7'
--------------------------------------
--------------------------------------
--- Note --- for files named derived from section titles, use the command line 
option `sec-filename'
--------------------------------------
--------------------------------------
--- Note --- for i-columns index, use the command line option `index=i' (e.g., 
index=2)
--------------------------------------
)
("C:\Program Files\MiKTeX 2.7\tex\generic\tex4ht\html4-math.4ht"
version 2009-05-18-23:01
))
("C:\Program Files\MiKTeX 2.7\tex\generic\tex4ht\amsmath.4ht"
version 2009-05-21-09:32
\tmp:muskip=\muskip12

("C:\Program Files\MiKTeX 2.7\tex\generic\tex4ht\html4.4ht"
version 2009-05-18-23:01
)
("C:\Program Files\MiKTeX 2.7\tex\generic\tex4ht\html4-math.4ht"
version 2009-05-18-23:01
))
("C:\Program Files\MiKTeX 2.7\tex\generic\tex4ht\amstext.4ht"
version 2009-05-21-09:32

("C:\Program Files\MiKTeX 2.7\tex\generic\tex4ht\html4.4ht"
version 2009-05-18-23:01
)
("C:\Program Files\MiKTeX 2.7\tex\generic\tex4ht\html4-math.4ht"
version 2009-05-18-23:01
))
("C:\Program Files\MiKTeX 2.7\tex\generic\tex4ht\amsbsy.4ht"
version 2009-05-21-09:32

("C:\Program Files\MiKTeX 2.7\tex\generic\tex4ht\html4.4ht"
version 2009-05-18-23:01
)
("C:\Program Files\MiKTeX 2.7\tex\generic\tex4ht\html4-math.4ht"
version 2009-05-18-23:01
))
("C:\Program Files\MiKTeX 2.7\tex\generic\tex4ht\amsopn.4ht"
version 2009-05-21-09:32

("C:\Program Files\MiKTeX 2.7\tex\generic\tex4ht\html4.4ht"
version 2009-05-18-23:01
)
("C:\Program Files\MiKTeX 2.7\tex\generic\tex4ht\html4-math.4ht"
version 2009-05-18-23:01
))
("C:\Program Files\MiKTeX 2.7\tex\generic\tex4ht\hyperref.4ht"
version 2009-05-21-09:32

("C:\Program Files\MiKTeX 2.7\tex\latex\hyperref\nameref.sty"
Package: nameref 2007/05/29 v2.31 Cross-referencing by name of section

("C:\Program Files\MiKTeX 2.7\tex\latex\oberdiek\refcount.sty"
Package: refcount 2008/08/11 v3.1 Data extraction from references (HO)
)
\c@section@level=\count111
)
("C:\Program Files\MiKTeX 2.7\tex\generic\tex4ht\nameref.4ht"
version 2009-05-21-09:32

("C:\Program Files\MiKTeX 2.7\tex\generic\tex4ht\html4.4ht"
version 2009-05-18-23:01
)
("C:\Program Files\MiKTeX 2.7\tex\generic\tex4ht\html4-math.4ht"
version 2009-05-18-23:01
))
LaTeX Info: Redefining \autoref on input line 99.

("C:\Program Files\MiKTeX 2.7\tex\generic\tex4ht\html4.4ht"
version 2009-05-18-23:01
)
("C:\Program Files\MiKTeX 2.7\tex\generic\tex4ht\html4-math.4ht"
version 2009-05-18-23:01
))
("C:\Program Files\MiKTeX 2.7\tex\generic\tex4ht\pd1enc.4ht"
version 2009-05-21-09:32

("C:\Program Files\MiKTeX 2.7\tex\generic\tex4ht\html4.4ht"
version 2009-05-18-23:01
)
("C:\Program Files\MiKTeX 2.7\tex\generic\tex4ht\html4-math.4ht"
version 2009-05-18-23:01
))
("C:\Program Files\MiKTeX 2.7\tex\generic\tex4ht\url.4ht"
version 2009-05-21-09:32

("C:\Program Files\MiKTeX 2.7\tex\generic\tex4ht\html4.4ht"
version 2009-05-18-23:01
--------------------------------------
--- Note --- for URL encoding within href use the command line option `url-enc'

--------------------------------------
)
("C:\Program Files\MiKTeX 2.7\tex\generic\tex4ht\html4-math.4ht"
version 2009-05-18-23:01
))
("C:\Program Files\MiKTeX 2.7\tex\generic\tex4ht\paralist.4ht"
version 2009-05-21-09:32

("C:\Program Files\MiKTeX 2.7\tex\generic\tex4ht\html4.4ht"
version 2009-05-18-23:01
)
("C:\Program Files\MiKTeX 2.7\tex\generic\tex4ht\html4-math.4ht"
version 2009-05-18-23:01
))
("C:\Program Files\MiKTeX 2.7\tex\generic\tex4ht\varioref.4ht"
version 2009-05-21-09:32

("C:\Program Files\MiKTeX 2.7\tex\generic\tex4ht\html4.4ht"
version 2009-05-18-23:01
)
("C:\Program Files\MiKTeX 2.7\tex\generic\tex4ht\html4-math.4ht"
version 2009-05-18-23:01
))
("C:\Program Files\MiKTeX 2.7\tex\generic\tex4ht\microtype.4ht"
version 2009-05-21-09:32

("C:\Program Files\MiKTeX 2.7\tex\generic\tex4ht\html4.4ht"
version 2009-05-18-23:01
)
("C:\Program Files\MiKTeX 2.7\tex\generic\tex4ht\html4-math.4ht"
version 2009-05-18-23:01
))
("C:\Program Files\MiKTeX 2.7\tex\generic\tex4ht\bm.4ht"
version 2009-05-21-09:32

("C:\Program Files\MiKTeX 2.7\tex\generic\tex4ht\html4.4ht"
version 2009-05-18-23:01
)
("C:\Program Files\MiKTeX 2.7\tex\generic\tex4ht\html4-math.4ht"
version 2009-05-18-23:01
))
("C:\Program Files\MiKTeX 2.7\tex\generic\tex4ht\makeidx.4ht"
version 2009-05-21-09:32

("C:\Program Files\MiKTeX 2.7\tex\generic\tex4ht\html4.4ht"
version 2009-05-18-23:01
)
("C:\Program Files\MiKTeX 2.7\tex\generic\tex4ht\html4-math.4ht"
version 2009-05-18-23:01
))
("C:\Program Files\MiKTeX 2.7\tex\generic\tex4ht\color.4ht"
version 2009-05-21-09:32

("C:\Program Files\MiKTeX 2.7\tex\generic\tex4ht\html4.4ht"
version 2009-05-18-23:01
)
("C:\Program Files\MiKTeX 2.7\tex\generic\tex4ht\html4-math.4ht"
version 2009-05-18-23:01
))
("C:\Program Files\MiKTeX 2.7\tex\generic\tex4ht\dvips.4ht"
version 2009-05-21-09:32

("C:\Program Files\MiKTeX 2.7\tex\generic\tex4ht\html4.4ht"
version 2009-05-18-23:01
)
("C:\Program Files\MiKTeX 2.7\tex\generic\tex4ht\html4-math.4ht"
version 2009-05-18-23:01
))
("C:\Program Files\MiKTeX 2.7\tex\generic\tex4ht\dvipsnam.4ht"
version 2009-05-21-09:32

("C:\Program Files\MiKTeX 2.7\tex\latex\graphics\dvipsnam.def")
("C:\Program Files\MiKTeX 2.7\tex\generic\tex4ht\html4.4ht"
version 2009-05-18-23:01
)
("C:\Program Files\MiKTeX 2.7\tex\generic\tex4ht\html4-math.4ht"
version 2009-05-18-23:01
))
("C:\Program Files\MiKTeX 2.7\tex\generic\tex4ht\html4.4ht"
version 2009-05-18-23:01
)
("C:\Program Files\MiKTeX 2.7\tex\generic\tex4ht\html4-math.4ht"
version 2009-05-18-23:01
)) (errata2.aux)
LaTeX Font Info:    Checking defaults for OML/cmm/m/it on input line 39.
LaTeX Font Info:    ... okay on input line 39.
LaTeX Font Info:    Checking defaults for T1/cmr/m/n on input line 39.
LaTeX Font Info:    ... okay on input line 39.
LaTeX Font Info:    Checking defaults for OT1/cmr/m/n on input line 39.
LaTeX Font Info:    ... okay on input line 39.
LaTeX Font Info:    Checking defaults for OMS/cmsy/m/n on input line 39.
LaTeX Font Info:    ... okay on input line 39.
LaTeX Font Info:    Checking defaults for OMX/cmex/m/n on input line 39.
LaTeX Font Info:    ... okay on input line 39.
LaTeX Font Info:    Checking defaults for U/cmr/m/n on input line 39.
LaTeX Font Info:    ... okay on input line 39.
LaTeX Font Info:    Checking defaults for TS1/cmr/m/n on input line 39.
LaTeX Font Info:    Try loading font information for TS1+cmr on input line 39.
 ("C:\Program Files\MiKTeX 2.7\tex\latex\base\ts1cmr.fd"
File: ts1cmr.fd 1999/05/25 v2.5h Standard LaTeX font definitions
)
LaTeX Font Info:    ... okay on input line 39.
LaTeX Font Info:    Checking defaults for PD1/pdf/m/n on input line 39.
LaTeX Font Info:    ... okay on input line 39.
Package hyperref Info: Link coloring ON on input line 39.
LaTeX Info: Redefining \ref on input line 39.
LaTeX Info: Redefining \pageref on input line 39.
\AtBeginShipoutBox=\box28

*geometry detected driver: dvips*
-------------------- Geometry parameters
paper: user defined
landscape: --
twocolumn: --
twoside: --
asymmetric: --
h-parts: 76.82236pt, 384.1122pt, 76.82236pt
v-parts: 51.21504pt, 597.50787pt, 51.21504pt
hmarginratio: 1:1
vmarginratio: 1:1
lines: --
heightrounded: --
bindingoffset: 0.0pt
truedimen: --
includehead: --
includefoot: --
includemp: --
driver: dvips
-------------------- Page layout dimensions and switches
\paperwidth  537.75691pt
\paperheight 699.93796pt
\textwidth  384.1122pt
\textheight 597.50787pt
\oddsidemargin  0.0pt
\evensidemargin 0.0pt
\topmargin  -58.05495pt
\headheight 12.0pt
\headsep    25.0pt
\footskip   30.0pt
\marginparwidth 65.0pt
\marginparsep   11.0pt
\columnsep  10.0pt
\skip\footins  9.0pt plus 4.0pt minus 2.0pt
\hoffset 0.0pt
\voffset 0.0pt
\mag 1000

(1in=72.27pt, 1cm=28.45pt)
-----------------------
LaTeX Info: Redefining \microtypecontext on input line 39.
Package microtype Info: Generating DVI output.
Package microtype Info: No character protrusion.
Package microtype Info: No font expansion.
Package microtype Info: No tracking.
Package microtype Info: No adjustment of interword spacing.
Package microtype Info: No adjustment of character kerning.
LaTeX Info: Redefining \Ref on input line 39.
--- file errata2.css ---
[1

] [2]
LaTeX Font Info:    Try loading font information for T1+cmss on input line 43.
 ("C:\Program Files\MiKTeX 2.7\tex\latex\base\t1cmss.fd"
File: t1cmss.fd 1999/05/25 v2.5h Standard LaTeX font definitions
) [3]
l. 78 Writing errata2.idv[1] (errata20x.png)
l. 78 Writing errata2.idv[2] (errata21x.png)
l. 78 Writing errata2.idv[3] (errata22x.png)
 [4]
l. 108 Writing errata2.idv[4] (errata23x.png)
l. 120 Writing errata2.idv[5] (errata24x.png)
l. 120 Writing errata2.idv[6] (errata25x.png)

[5] [6] (errata2.aux) ) 
Here is how much of TeX's memory you used:
 11204 strings out of 95305
 144728 string characters out of 1183059
 378066 words of memory out of 1500000
 14170 multiletter control sequences out of 110000
 18594 words of font info for 55 fonts, out of 3000000 for 5000
 14 hyphenation exceptions out of 8191
 42i,6n,44p,1174b,556s stack positions out of 5000i,500n,10000p,200000b,50000s

Output written on errata2.dvi (6 pages, 26928 bytes).
