This is pdfeTeX, Version 3.141592-1.30.6-2.2 (MiKTeX 2.5) (preloaded format=latex 2007.2.25)  26 MAR 2007 14:38
entering extended mode
**\makeatletter\def\HCode{\futurelet\HCode\HChar}\def\HChar{\ifx\HCode\def\HCod
e##1{\Link##1}\expandafter\HCode\else\expandafter\Link\fi}\def\Link#1.a.b.c.{\g
@addto@macro\@documentclasshook{\RequirePackage[#1,html]{tex4ht}}\let\HCode\doc
umentstyle\def\documentstyle{\let\documentstyle\HCode\expandafter\def\csname te
x4ht\endcsname{#1,html}\def\HCode####1{\documentstyle[tex4ht,}\@ifnextchar[{\HC
ode}{\documentstyle[tex4ht]}}}\makeatother\HCode .a.b.c.\input  errata
(errata.tex ("C:\Program Files\MiKTeX 2.5\tex\latex\base\article.cls"
Document Class: article 2005/09/16 v1.4f Standard LaTeX document class
("C:\Program Files\MiKTeX 2.5\tex\latex\base\size10.clo"
File: size10.clo 2005/09/16 v1.4f Standard LaTeX file (size option)
)
\c@part=\count79
\c@section=\count80
\c@subsection=\count81
\c@subsubsection=\count82
\c@paragraph=\count83
\c@subparagraph=\count84
\c@figure=\count85
\c@table=\count86
\abovecaptionskip=\skip41
\belowcaptionskip=\skip42
\bibindent=\dimen102
)
("C:\Program Files\MiKTeX 2.5\tex\generic\tex4ht\tex4ht.sty"
version 2006-08-28-20:58
Package: tex4ht 
--------------------------------------
--- Note --- for _ at preamble, use the command line option `early_'
--------------------------------------
--------------------------------------
--- Note --- for ^ at preamble, use the command line option `early^'
--------------------------------------
)
("C:\Program Files\MiKTeX 2.5\tex\generic\tex4ht\usepackage.4ht"
version 2006-09-27-04:25
)
("C:\Program Files\MiKTeX 2.5\tex\latex\base\fontenc.sty"
Package: fontenc 2005/09/27 v1.99g Standard LaTeX package

("C:\Program Files\MiKTeX 2.5\tex\latex\base\t1enc.def"
File: t1enc.def 2005/09/27 v1.99g Standard LaTeX file
LaTeX Font Info:    Redeclaring font encoding T1 on input line 43.
))
("C:\Program Files\MiKTeX 2.5\tex\latex\psnfss\mathpazo.sty"
Package: mathpazo 2005/04/12 PSNFSS-v9.2a Palatino w/ Pazo Math (D.Puga, WaS) 
\symupright=\mathgroup4
)
("C:\Program Files\MiKTeX 2.5\tex\latex\amsfonts\amssymb.sty"
Package: amssymb 2002/01/22 v2.2d

("C:\Program Files\MiKTeX 2.5\tex\latex\amsfonts\amsfonts.sty"
Package: amsfonts 2001/10/25 v2.2f
\@emptytoks=\toks14
\symAMSa=\mathgroup5
\symAMSb=\mathgroup6
LaTeX Font Info:    Overwriting math alphabet `\mathfrak' in version `bold'
(Font)                  U/euf/m/n --> U/euf/b/n on input line 132.
))
("C:\Program Files\MiKTeX 2.5\tex\latex\amsmath\amsmath.sty"
Package: amsmath 2000/07/18 v2.13 AMS math features
\@mathmargin=\skip43

For additional information on amsmath, use the `?' option.
("C:\Program Files\MiKTeX 2.5\tex\latex\amsmath\amstext.sty"
Package: amstext 2000/06/29 v2.01

("C:\Program Files\MiKTeX 2.5\tex\latex\amsmath\amsgen.sty"
File: amsgen.sty 1999/11/30 v2.0
\@emptytoks=\toks15
\ex@=\dimen103
))
("C:\Program Files\MiKTeX 2.5\tex\latex\amsmath\amsbsy.sty"
Package: amsbsy 1999/11/29 v1.2d
\pmbraise@=\dimen104
)
("C:\Program Files\MiKTeX 2.5\tex\latex\amsmath\amsopn.sty"
Package: amsopn 1999/12/14 v2.01 operator names
)
\inf@bad=\count87
LaTeX Info: Redefining \frac on input line 211.
\uproot@=\count88
\leftroot@=\count89
LaTeX Info: Redefining \overline on input line 307.
\classnum@=\count90
\DOTSCASE@=\count91
LaTeX Info: Redefining \ldots on input line 379.
LaTeX Info: Redefining \dots on input line 382.
LaTeX Info: Redefining \cdots on input line 467.
\Mathstrutbox@=\box26
\strutbox@=\box27
\big@size=\dimen105
LaTeX Font Info:    Redeclaring font encoding OML on input line 567.
LaTeX Font Info:    Redeclaring font encoding OMS on input line 568.
\macc@depth=\count92
\c@MaxMatrixCols=\count93
\dotsspace@=\muskip10
\c@parentequation=\count94
\dspbrk@lvl=\count95
\tag@help=\toks16
\row@=\count96
\column@=\count97
\maxfields@=\count98
\andhelp@=\toks17
\eqnshift@=\dimen106
\alignsep@=\dimen107
\tagshift@=\dimen108
\tagwidth@=\dimen109
\totwidth@=\dimen110
\lineht@=\dimen111
\@envbody=\toks18
\multlinegap=\skip44
\multlinetaggap=\skip45
\mathdisplay@stack=\toks19
LaTeX Info: Redefining \[ on input line 2666.
LaTeX Info: Redefining \] on input line 2667.
)
("C:\Program Files\MiKTeX 2.5\tex\latex\base\textcomp.sty"
Package: textcomp 2005/09/27 v1.99g Standard LaTeX package
Package textcomp Info: Sub-encoding information:
(textcomp)               5 = only ISO-Adobe without \textcurrency
(textcomp)               4 = 5 + \texteuro
(textcomp)               3 = 4 + \textohm
(textcomp)               2 = 3 + \textestimated + \textcurrency
(textcomp)               1 = TS1 - \textcircled - \t
(textcomp)               0 = TS1 (full)
(textcomp)             Font families with sub-encoding setting implement
(textcomp)             only a restricted character set as indicated.
(textcomp)             Family '?' is the default used for unknown fonts.
(textcomp)             See the documentation for details.
Package textcomp Info: Setting ? sub-encoding to TS1/1 on input line 71.

("C:\Program Files\MiKTeX 2.5\tex\latex\base\ts1enc.def"
File: ts1enc.def 2001/06/05 v3.0e (jk/car/fm) Standard LaTeX file
)
LaTeX Info: Redefining \oldstylenums on input line 266.
Package textcomp Info: Setting cmr sub-encoding to TS1/0 on input line 281.
Package textcomp Info: Setting cmss sub-encoding to TS1/0 on input line 282.
Package textcomp Info: Setting cmtt sub-encoding to TS1/0 on input line 283.
Package textcomp Info: Setting cmvtt sub-encoding to TS1/0 on input line 284.
Package textcomp Info: Setting cmbr sub-encoding to TS1/0 on input line 285.
Package textcomp Info: Setting cmtl sub-encoding to TS1/0 on input line 286.
Package textcomp Info: Setting ccr sub-encoding to TS1/0 on input line 287.
Package textcomp Info: Setting ptm sub-encoding to TS1/4 on input line 288.
Package textcomp Info: Setting pcr sub-encoding to TS1/4 on input line 289.
Package textcomp Info: Setting phv sub-encoding to TS1/4 on input line 290.
Package textcomp Info: Setting ppl sub-encoding to TS1/3 on input line 291.
Package textcomp Info: Setting pag sub-encoding to TS1/4 on input line 292.
Package textcomp Info: Setting pbk sub-encoding to TS1/4 on input line 293.
Package textcomp Info: Setting pnc sub-encoding to TS1/4 on input line 294.
Package textcomp Info: Setting pzc sub-encoding to TS1/4 on input line 295.
Package textcomp Info: Setting bch sub-encoding to TS1/4 on input line 296.
Package textcomp Info: Setting put sub-encoding to TS1/5 on input line 297.
Package textcomp Info: Setting uag sub-encoding to TS1/5 on input line 298.
Package textcomp Info: Setting ugq sub-encoding to TS1/5 on input line 299.
Package textcomp Info: Setting ul8 sub-encoding to TS1/4 on input line 300.
Package textcomp Info: Setting ul9 sub-encoding to TS1/4 on input line 301.
Package textcomp Info: Setting augie sub-encoding to TS1/5 on input line 302.
Package textcomp Info: Setting dayrom sub-encoding to TS1/3 on input line 303.
Package textcomp Info: Setting dayroms sub-encoding to TS1/3 on input line 304.

Package textcomp Info: Setting pxr sub-encoding to TS1/0 on input line 305.
Package textcomp Info: Setting pxss sub-encoding to TS1/0 on input line 306.
Package textcomp Info: Setting pxtt sub-encoding to TS1/0 on input line 307.
Package textcomp Info: Setting txr sub-encoding to TS1/0 on input line 308.
Package textcomp Info: Setting txss sub-encoding to TS1/0 on input line 309.
Package textcomp Info: Setting txtt sub-encoding to TS1/0 on input line 310.
Package textcomp Info: Setting futs sub-encoding to TS1/4 on input line 311.
Package textcomp Info: Setting futx sub-encoding to TS1/4 on input line 312.
Package textcomp Info: Setting futj sub-encoding to TS1/4 on input line 313.
Package textcomp Info: Setting hlh sub-encoding to TS1/3 on input line 314.
Package textcomp Info: Setting hls sub-encoding to TS1/3 on input line 315.
Package textcomp Info: Setting hlst sub-encoding to TS1/3 on input line 316.
Package textcomp Info: Setting hlct sub-encoding to TS1/5 on input line 317.
Package textcomp Info: Setting hlx sub-encoding to TS1/5 on input line 318.
Package textcomp Info: Setting hlce sub-encoding to TS1/5 on input line 319.
Package textcomp Info: Setting hlcn sub-encoding to TS1/5 on input line 320.
Package textcomp Info: Setting hlcw sub-encoding to TS1/5 on input line 321.
Package textcomp Info: Setting hlcf sub-encoding to TS1/5 on input line 322.
Package textcomp Info: Setting pplx sub-encoding to TS1/3 on input line 323.
Package textcomp Info: Setting pplj sub-encoding to TS1/3 on input line 324.
Package textcomp Info: Setting ptmx sub-encoding to TS1/4 on input line 325.
Package textcomp Info: Setting ptmj sub-encoding to TS1/4 on input line 326.
)
("C:\Program Files\MiKTeX 2.5\tex\latex\hyperref\hyperref.sty"
Package: hyperref 2007/01/18 v6.75o Hypertext links for LaTeX

("C:\Program Files\MiKTeX 2.5\tex\latex\graphics\keyval.sty"
Package: keyval 1999/03/16 v1.13 key=value parser (DPC)
\KV@toks@=\toks20
)
\@linkdim=\dimen112
\Hy@linkcounter=\count99
\Hy@pagecounter=\count100

("C:\Program Files\MiKTeX 2.5\tex\latex\hyperref\pd1enc.def"
File: pd1enc.def 2007/01/18 v6.75o Hyperref: PDFDocEncoding definition (HO)
)
("C:\Program Files\MiKTeX 2.5\tex\latex\00miktex\hyperref.cfg"
File: hyperref.cfg 2006/02/14 v1.1 MiKTeX 'hyperref' configuration
)
("C:\Program Files\MiKTeX 2.5\tex\latex\oberdiek\kvoptions.sty"
Package: kvoptions 2006/08/22 v2.4 Connects package keyval with LaTeX options (
HO)
)
Package hyperref Info: Option `colorlinks' set `true' on input line 2237.
Package hyperref Info: Hyper figures OFF on input line 2287.
Package hyperref Info: Link nesting OFF on input line 2292.
Package hyperref Info: Hyper index ON on input line 2295.
Package hyperref Info: Plain pages OFF on input line 2302.
Package hyperref Info: Backreferencing OFF on input line 2307.

Implicit mode ON; LaTeX internals redefined
Package hyperref Info: Bookmarks ON on input line 2443.
("C:\Program Files\MiKTeX 2.5\tex\latex\ltxmisc\url.sty"
\Urlmuskip=\muskip11
Package: url 2005/06/27  ver 3.2  Verb mode for urls, etc.
)
LaTeX Info: Redefining \url on input line 2598.
\Fld@menulength=\count101
\Field@Width=\dimen113
\Fld@charsize=\dimen114
\Choice@toks=\toks21
\Field@toks=\toks22
Package hyperref Info: Hyper figures OFF on input line 3076.
Package hyperref Info: Link nesting OFF on input line 3081.
Package hyperref Info: Hyper index ON on input line 3084.
Package hyperref Info: backreferencing OFF on input line 3091.
Package hyperref Info: Link coloring ON on input line 3094.
\Hy@abspage=\count102

Hyperref stopped early
)
*hyperref using driver htex4ht*
("C:\Program Files\MiKTeX 2.5\tex\latex\hyperref\htex4ht.def"
File: htex4ht.def 2007/01/18 v6.75o Hyperref driver for TeX4ht

hyperref tex4ht: tex4ht already loaded
) ("C:\Program Files\MiKTeX 2.5\tex\latex\geometry\geometry.sty"
Package: geometry 2002/07/08 v3.2 Page Geometry
\Gm@cnth=\count103
\Gm@cntv=\count104
\c@Gm@tempcnt=\count105
\Gm@bindingoffset=\dimen115
\Gm@wd@mp=\dimen116
\Gm@odd@mp=\dimen117
\Gm@even@mp=\dimen118
\Gm@dimlist=\toks23

("C:\Program Files\MiKTeX 2.5\tex\latex\geometry\geometry.cfg"))
("C:\Program Files\MiKTeX 2.5\tex\latex\paralist\paralist.sty"
Package: paralist 2002/03/18 v2.3b Extended list environments (BS)
\pltopsep=\skip46
\plpartopsep=\skip47
\plitemsep=\skip48
\plparsep=\skip49
\pl@lab=\toks24
)
("C:\Program Files\MiKTeX 2.5\tex\latex\tools\varioref.sty"
Package: varioref 2006/05/13 v1.4p package for extended references (FMi)
\c@vrcnt=\count106
)
("C:\Program Files\MiKTeX 2.5\tex\latex\microtype\microtype.sty"
Package: microtype 2007/01/21 v2.0 Micro-typography with pdfTeX (RS)
\MT@toks=\toks25
\MT@count=\count107
LaTeX Info: Redefining \lsstyle on input line 1370.
LaTeX Info: Redefining \textls on input line 1371.
\MT@lskern=\dimen119
Package microtype Info: Loading configuration file microtype.cfg.

("C:\Program Files\MiKTeX 2.5\tex\latex\microtype\microtype.cfg"
File: microtype.cfg 2007/01/14 v2.0 microtype main configuration file (RS)
))
("C:\Program Files\MiKTeX 2.5\tex\latex\tools\bm.sty"
Package: bm 2004/02/26 v1.1c Bold Symbol Support (DPC/FMi)
\symboldoperators=\mathgroup7
\symboldletters=\mathgroup8
\symboldsymbols=\mathgroup9
\symboldupright=\mathgroup10
LaTeX Font Info:    Redeclaring math alphabet \mathbf on input line 137.
LaTeX Info: Redefining \bm on input line 203.
)
("C:\Program Files\MiKTeX 2.5\tex\latex\tools\xspace.sty"
Package: xspace 2006/05/08 v1.12 Space after command names (DPC,MH)
)
("C:\Program Files\MiKTeX 2.5\tex\generic\oberdiek\ifpdf.sty"
Package: ifpdf 2006/02/20 v1.4 Provides the ifpdf switch (HO)
Package ifpdf Info: pdfTeX in pdf mode not detected.
)
("C:\Program Files\MiKTeX 2.5\tex\latex\base\makeidx.sty"
Package: makeidx 2000/03/29 v1.0m Standard LaTeX package
) (preamble.tex
\c@regequation=\count108
\c@mycounter=\count109
)
("C:\Program Files\MiKTeX 2.5\tex\generic\tex4ht\tex4ht.4ht"
version 2006-02-22-12:25
--------------------------------------
--- Note --- for additional information, use the command line option `info'
--------------------------------------

::::::::::::::::::::::::::::::::::::::::::
 TeX4ht info is available in the log file 
::::::::::::::::::::::::::::::::::::::::::
) ("C:\Program Files\MiKTeX 2.5\tex\generic\tex4ht\tex4ht.sty"
version 2006-08-28-20:58

("C:\Program Files\MiKTeX 2.5\tex\latex\graphics\color.sty"
Package: color 2005/11/14 v1.0j Standard LaTeX Color (DPC)

("C:\Program Files\MiKTeX 2.5\tex\latex\00miktex\color.cfg"
File: color.cfg 2005/12/29 v1.1 MiKTeX 'color' configuration
)
Package color Info: Driver file: dvips.def on input line 130.

("C:\Program Files\MiKTeX 2.5\tex\latex\graphics\dvips.def"
File: dvips.def 1999/02/16 v3.0i Driver-dependant file (DPC,SPQR)
)
("C:\Program Files\MiKTeX 2.5\tex\latex\graphics\dvipsnam.def"
File: dvipsnam.def 1999/02/16 v3.0i Driver-dependant file (DPC,SPQR)
))
--- needs --- tex4ht errata ---
\tmp:cnt=\count110
(errata.tmp)
\tmp:toks=\toks26
\tmp:dim=\skip50
--------------------------------------
--- Note --- for XML code, use the command line option `xml' or `xhtml'
--------------------------------------
 (errata.xref)
\:refout=\write3

("C:\Program Files\MiKTeX 2.5\tex\generic\tex4ht\html4.4ht"
version 2006-10-03-02:25
--------------------------------------
--- Note --- to remove the DOCTYPE declaration use the command line option `no-
DOCTYPE'
--------------------------------------
)
("C:\Program Files\MiKTeX 2.5\tex\generic\tex4ht\html4-math.4ht"
version 2006-10-03-02:25
)
--------------------------------------
--- Note --- for marking of the base font, use the command line option `fonts+'

--------------------------------------
--------------------------------------
--- Note --- for non active _, use the command line option `no_'
--------------------------------------
--------------------------------------
--- Note --- for _ of catcode 13, use the command line option `_13'
--------------------------------------
--------------------------------------
--- Note --- for non active ^, use the command line option `no^'
--------------------------------------
--------------------------------------
--- Note --- for ^ of catcode 13, use the command line option `^13'
--------------------------------------

("C:\Program Files\MiKTeX 2.5\tex\generic\tex4ht\html4.4ht"
version 2006-10-03-02:25
--------------------------------------
--- Note --- for alternative charset, use the command line option `charset=...'

--------------------------------------
--------------------------------------
--- Note --- to ignore CSS font decoration, use the `NoFonts' command line opti
on
--------------------------------------
--------------------------------------
--- Note --- for jpg bitmaps of pictures, use the `jpg' command line option. (C
haracter bitmaps are controled only by `g' records of tex4ht.env and `-g' switc
hes of tex4ht.c) 
--------------------------------------
--------------------------------------
--- Note --- for gif bitmaps of pictures, use the `gif' command line option. (C
haracter bitmaps are controled only by `g' records of tex4ht.env and `-g' switc
hes of tex4ht.c) 
--------------------------------------
--------------------------------------
--- Note --- for content and toc in 2 frames, use the command line option `fram
es'
--------------------------------------
--------------------------------------
--- Note --- for content, toc, and footnotes in 3 frames, use the command line 
option `frames-fn'
--------------------------------------
--------------------------------------
--- Note --- for file extension name xht, use the command line option `xht'
--------------------------------------
TeX4ht package options: html
--------------------------------------
--- Note --- for inline CSS code, use the command line option `css-in'
--------------------------------------
--------------------------------------
--- Note --- for pop ups on mouse over, use the command line option `mouseover'

--------------------------------------
--------------------------------------
--- Note --- for addressing images in a subdirectory, use the command line opti
on `imgdir:.../'
--------------------------------------
)
("C:\Program Files\MiKTeX 2.5\tex\generic\tex4ht\html4-math.4ht"
version 2006-10-03-02:25
)
\:tokwrite=\toks27
\:tokpage=\toks28
--------------------------------------
--- Note --- for back links to toc, use the command line option `sections+'
--------------------------------------
--------------------------------------
--- Note --- for linear crosslinks of pages, use the command line option `next'

--------------------------------------
\:tocout=\write4

("C:\Program Files\MiKTeX 2.5\tex\generic\tex4ht\html4.4ht"
version 2006-10-03-02:25
)
("C:\Program Files\MiKTeX 2.5\tex\generic\tex4ht\html4-math.4ht"
version 2006-10-03-02:25
)
("C:\Program Files\MiKTeX 2.5\tex\generic\tex4ht\latex.4ht"
version 2006-09-27-04:25
--------------------------------------
--- Note --- for links into captions, instead of float heads, use the command l
ine option `refcaption'
--------------------------------------

("C:\Program Files\MiKTeX 2.5\tex\generic\tex4ht\html4.4ht"
version 2006-10-03-02:25
--------------------------------------
--- Note --- for enumerated list elements li's with value attributes, use the c
ommand line option `li-'
--------------------------------------
--------------------------------------
--- Note --- for CSS2 code, use the command line option `css2'
--------------------------------------
--------------------------------------
--- Note --- for pictorial tabular, use the command line option `pic-tabular'
--------------------------------------
--------------------------------------
--- Note --- for bitmap fbox'es, use the command line option `pic-fbox'
--------------------------------------
--------------------------------------
--- Note --- for bitmap framebox'es, use the command line option `pic-framebox'

--------------------------------------
--------------------------------------
--- Note --- for inline footnotes use command line option `fn-in'
--------------------------------------
--------------------------------------
--- Note --- for a JavaHelp output format, use the command line option `javahel
p'
--------------------------------------
--------------------------------------
--- Note --- for tracing of latex font commands, use the command line option `f
onts'
--------------------------------------
--------------------------------------
--- Note --- for width specifications of tabular p entries, use the `p-width' c
ommand line option or a configuration similar to \Configure{HColWidth}{\HCode{ 
style="width:\HColWidth"}}
--------------------------------------
)
("C:\Program Files\MiKTeX 2.5\tex\generic\tex4ht\html4-math.4ht"
version 2006-10-03-02:25
--------------------------------------
--- Note --- for pictorial eqnarray, use the command line option `pic-eqnarray'

--------------------------------------
--------------------------------------
--- Note --- for pictorial array, use the command line option `pic-array'
--------------------------------------
--------------------------------------
--- Note --- for pictorial $...$ environments, use the command line option `pic
-m' (not recommended!!)
--------------------------------------
--------------------------------------
--- Note --- for pictorial $...$ and $$...$$ environments with latex alt, use t
he command line option `pic-m+' (not safe!!)
--------------------------------------
--------------------------------------
--- Note --- for pictorial array, use the command line option `pic-array'
--------------------------------------
))
("C:\Program Files\MiKTeX 2.5\tex\generic\tex4ht\fontmath.4ht"
version 2006-09-27-04:25

("C:\Program Files\MiKTeX 2.5\tex\generic\tex4ht\html4.4ht"
version 2006-10-03-02:25
)
("C:\Program Files\MiKTeX 2.5\tex\generic\tex4ht\html4-math.4ht"
version 2006-10-03-02:25
))
("C:\Program Files\MiKTeX 2.5\tex\generic\tex4ht\article.4ht"
version 2006-09-27-04:25

("C:\Program Files\MiKTeX 2.5\tex\generic\tex4ht\html4.4ht"
version 2006-10-03-02:25
--------------------------------------
--- Note --- for automatic sectioning pagination, use the command line option `
1', `2', `3', '4', '5', '6', or '7'
--------------------------------------
--------------------------------------
--- Note --- for files named derived from section titles, use the command line 
option `sec-filename'
--------------------------------------
--------------------------------------
--- Note --- for i-columns index, use the command line option `index=i' (e.g., 
index=2)
--------------------------------------
)
("C:\Program Files\MiKTeX 2.5\tex\generic\tex4ht\html4-math.4ht"
version 2006-10-03-02:25
))
("C:\Program Files\MiKTeX 2.5\tex\generic\tex4ht\amssymb.4ht"
version 2006-09-27-04:25

("C:\Program Files\MiKTeX 2.5\tex\generic\tex4ht\html4.4ht"
version 2006-10-03-02:25
)
("C:\Program Files\MiKTeX 2.5\tex\generic\tex4ht\html4-math.4ht"
version 2006-10-03-02:25
))
("C:\Program Files\MiKTeX 2.5\tex\generic\tex4ht\amsfonts.4ht"
version 2006-09-27-04:25

("C:\Program Files\MiKTeX 2.5\tex\generic\tex4ht\html4.4ht"
version 2006-10-03-02:25
)
("C:\Program Files\MiKTeX 2.5\tex\generic\tex4ht\html4-math.4ht"
version 2006-10-03-02:25
))
("C:\Program Files\MiKTeX 2.5\tex\generic\tex4ht\amsmath.4ht"
version 2006-09-27-04:25
\tmp:muskip=\muskip12

("C:\Program Files\MiKTeX 2.5\tex\generic\tex4ht\html4.4ht"
version 2006-10-03-02:25
)
("C:\Program Files\MiKTeX 2.5\tex\generic\tex4ht\html4-math.4ht"
version 2006-10-03-02:25
))
("C:\Program Files\MiKTeX 2.5\tex\generic\tex4ht\amstext.4ht"
version 2006-09-27-04:25

("C:\Program Files\MiKTeX 2.5\tex\generic\tex4ht\html4.4ht"
version 2006-10-03-02:25
)
("C:\Program Files\MiKTeX 2.5\tex\generic\tex4ht\html4-math.4ht"
version 2006-10-03-02:25
))
("C:\Program Files\MiKTeX 2.5\tex\generic\tex4ht\amsbsy.4ht"
version 2006-09-27-04:25

("C:\Program Files\MiKTeX 2.5\tex\generic\tex4ht\html4.4ht"
version 2006-10-03-02:25
)
("C:\Program Files\MiKTeX 2.5\tex\generic\tex4ht\html4-math.4ht"
version 2006-10-03-02:25
))
("C:\Program Files\MiKTeX 2.5\tex\generic\tex4ht\amsopn.4ht"
version 2006-09-27-04:25

("C:\Program Files\MiKTeX 2.5\tex\generic\tex4ht\html4.4ht"
version 2006-10-03-02:25
)
("C:\Program Files\MiKTeX 2.5\tex\generic\tex4ht\html4-math.4ht"
version 2006-10-03-02:25
))
("C:\Program Files\MiKTeX 2.5\tex\generic\tex4ht\hyperref.4ht"
version 2006-09-27-04:25

l.287 --- TeX4ht warning --- \href of hyperref.sty introduces the prefix `file:
' to prefix-free references. The command \hyperlinkfileprefix{...} may be used 
for changing the prefix (probably \hyperlinkfileprefix{}). ---
("C:\Program Files\MiKTeX 2.5\tex\generic\tex4ht\html4.4ht"
version 2006-10-03-02:25
)
("C:\Program Files\MiKTeX 2.5\tex\generic\tex4ht\html4-math.4ht"
version 2006-10-03-02:25
))
("C:\Program Files\MiKTeX 2.5\tex\generic\tex4ht\pd1enc.4ht"
version 2006-09-27-04:25

("C:\Program Files\MiKTeX 2.5\tex\generic\tex4ht\html4.4ht"
version 2006-10-03-02:25
)
("C:\Program Files\MiKTeX 2.5\tex\generic\tex4ht\html4-math.4ht"
version 2006-10-03-02:25
))
("C:\Program Files\MiKTeX 2.5\tex\generic\tex4ht\url.4ht"
version 2006-09-27-04:25

("C:\Program Files\MiKTeX 2.5\tex\generic\tex4ht\html4.4ht"
version 2006-10-03-02:25
--------------------------------------
--- Note --- for URL encoding within href use the command line option `url-enc'

--------------------------------------
)
("C:\Program Files\MiKTeX 2.5\tex\generic\tex4ht\html4-math.4ht"
version 2006-10-03-02:25
))
("C:\Program Files\MiKTeX 2.5\tex\generic\tex4ht\paralist.4ht"
version 2006-09-27-04:25

("C:\Program Files\MiKTeX 2.5\tex\generic\tex4ht\html4.4ht"
version 2006-10-03-02:25
)
("C:\Program Files\MiKTeX 2.5\tex\generic\tex4ht\html4-math.4ht"
version 2006-10-03-02:25
))
("C:\Program Files\MiKTeX 2.5\tex\generic\tex4ht\varioref.4ht"
version 2006-09-27-04:25

("C:\Program Files\MiKTeX 2.5\tex\generic\tex4ht\html4.4ht"
version 2006-10-03-02:25
)
("C:\Program Files\MiKTeX 2.5\tex\generic\tex4ht\html4-math.4ht"
version 2006-10-03-02:25
))
("C:\Program Files\MiKTeX 2.5\tex\generic\tex4ht\bm.4ht"
version 2006-09-27-04:25

("C:\Program Files\MiKTeX 2.5\tex\generic\tex4ht\html4.4ht"
version 2006-10-03-02:25
)
("C:\Program Files\MiKTeX 2.5\tex\generic\tex4ht\html4-math.4ht"
version 2006-10-03-02:25
))
("C:\Program Files\MiKTeX 2.5\tex\generic\tex4ht\makeidx.4ht"
version 2006-09-27-04:25

("C:\Program Files\MiKTeX 2.5\tex\generic\tex4ht\html4.4ht"
version 2006-10-03-02:25
)
("C:\Program Files\MiKTeX 2.5\tex\generic\tex4ht\html4-math.4ht"
version 2006-10-03-02:25
))
("C:\Program Files\MiKTeX 2.5\tex\generic\tex4ht\color.4ht"
version 2006-09-27-04:25

("C:\Program Files\MiKTeX 2.5\tex\generic\tex4ht\html4.4ht"
version 2006-10-03-02:25
)
("C:\Program Files\MiKTeX 2.5\tex\generic\tex4ht\html4-math.4ht"
version 2006-10-03-02:25
))
("C:\Program Files\MiKTeX 2.5\tex\generic\tex4ht\dvips.4ht"
version 2006-09-27-04:25

("C:\Program Files\MiKTeX 2.5\tex\generic\tex4ht\html4.4ht"
version 2006-10-03-02:25
)
("C:\Program Files\MiKTeX 2.5\tex\generic\tex4ht\html4-math.4ht"
version 2006-10-03-02:25
))
("C:\Program Files\MiKTeX 2.5\tex\generic\tex4ht\dvipsnam.4ht"
version 2006-09-27-04:25

("C:\Program Files\MiKTeX 2.5\tex\latex\graphics\dvipsnam.def")
("C:\Program Files\MiKTeX 2.5\tex\generic\tex4ht\html4.4ht"
version 2006-10-03-02:25
)
("C:\Program Files\MiKTeX 2.5\tex\generic\tex4ht\html4-math.4ht"
version 2006-10-03-02:25
))
("C:\Program Files\MiKTeX 2.5\tex\generic\tex4ht\html4.4ht"
version 2006-10-03-02:25
)
("C:\Program Files\MiKTeX 2.5\tex\generic\tex4ht\html4-math.4ht"
version 2006-10-03-02:25
)) (errata.aux)
LaTeX Font Info:    Checking defaults for OML/cmm/m/it on input line 34.
LaTeX Font Info:    ... okay on input line 34.
LaTeX Font Info:    Checking defaults for T1/cmr/m/n on input line 34.
LaTeX Font Info:    ... okay on input line 34.
LaTeX Font Info:    Checking defaults for OT1/cmr/m/n on input line 34.
LaTeX Font Info:    ... okay on input line 34.
LaTeX Font Info:    Checking defaults for OMS/cmsy/m/n on input line 34.
LaTeX Font Info:    ... okay on input line 34.
LaTeX Font Info:    Checking defaults for OMX/cmex/m/n on input line 34.
LaTeX Font Info:    ... okay on input line 34.
LaTeX Font Info:    Checking defaults for U/cmr/m/n on input line 34.
LaTeX Font Info:    ... okay on input line 34.
LaTeX Font Info:    Checking defaults for TS1/cmr/m/n on input line 34.
LaTeX Font Info:    Try loading font information for TS1+cmr on input line 34.
("C:\Program Files\MiKTeX 2.5\tex\latex\base\ts1cmr.fd"
File: ts1cmr.fd 1999/05/25 v2.5h Standard LaTeX font definitions
)
LaTeX Font Info:    ... okay on input line 34.
LaTeX Font Info:    Checking defaults for PD1/pdf/m/n on input line 34.
LaTeX Font Info:    ... okay on input line 34.
LaTeX Font Info:    Try loading font information for T1+ppl on input line 34.

("C:\Program Files\MiKTeX 2.5\tex\latex\psnfss\t1ppl.fd"
File: t1ppl.fd 2001/06/04 font definitions for T1/ppl.
)
Package hyperref Info: Link coloring ON on input line 34.
LaTeX Info: Redefining \ref on input line 34.
LaTeX Info: Redefining \pageref on input line 34.
-------------------- Geometry parameters
paper: letterpaper
landscape: --
twocolumn: --
twoside: --
asymmetric: --
h-parts: 107.97821pt, 398.33858pt, 107.97821pt
v-parts: 70.2783pt, 654.41338pt, 70.2783pt
hmarginratio: 1:1
vmarginratio: 1:1
lines: --
heightrounded: --
bindingoffset: 0.0pt
truedimen: --
includehead: --
includefoot: --
includemp: --
driver: dvips
-------------------- Page layout dimensions and switches
\paperwidth  614.295pt
\paperheight 794.96999pt
\textwidth  398.33858pt
\textheight 654.41338pt
\oddsidemargin  0.0pt
\evensidemargin 0.0pt
\topmargin  -38.99168pt
\headheight 12.0pt
\headsep    25.0pt
\footskip   30.0pt
\marginparwidth 65.0pt
\marginparsep   11.0pt
\columnsep  10.0pt
\skip\footins  9.0pt plus 4.0pt minus 2.0pt
\hoffset 0.0pt
\voffset 0.0pt
\mag 1000

(1in=72.27pt, 1cm=28.45pt)
-----------------------
Package microtype Info: Generating DVI output.
Package microtype Info: Character protrusion enabled (level 2).
Package microtype Info: Using default protrusion set `alltext'.
Package microtype Info: No font expansion.
Package microtype Info: No tracking (pdftex too old).
Package microtype Info: No adjustment of interword spacing (pdftex too old).
Package microtype Info: No adjustment of character kerning (pdftex too old).

("C:\Program Files\MiKTeX 2.5\tex\latex\microtype\mt-ppl.cfg"
File: mt-ppl.cfg 2005/11/16 v1.6 microtype config. file: Palatino (RS)
)
--- file errata.css ---
 [1

] [2]
LaTeX Font Info:    Try loading font information for T1+lmss on input line 38.

("C:\Program Files\MiKTeX 2.5\tex\latex\lm\t1lmss.fd"
File: t1lmss.fd 2007/01/14 v1.3 Font defs for Latin Modern
)
LaTeX Font Info:    Try loading font information for OT1+ppl on input line 38.

("C:\Program Files\MiKTeX 2.5\tex\latex\psnfss\ot1ppl.fd"
File: ot1ppl.fd 2001/06/04 font definitions for OT1/ppl.
)
LaTeX Font Info:    Try loading font information for OML+zplm on input line 38.


("C:\Program Files\MiKTeX 2.5\tex\latex\psnfss\omlzplm.fd"
File: omlzplm.fd 2002/09/08 Fontinst v1.914 font definitions for OML/zplm.
)
LaTeX Font Info:    Try loading font information for OMS+zplm on input line 38.


("C:\Program Files\MiKTeX 2.5\tex\latex\psnfss\omszplm.fd"
File: omszplm.fd 2002/09/08 Fontinst v1.914 font definitions for OMS/zplm.
)
LaTeX Font Info:    Try loading font information for OMX+zplm on input line 38.


("C:\Program Files\MiKTeX 2.5\tex\latex\psnfss\omxzplm.fd"
File: omxzplm.fd 2002/09/08 Fontinst v1.914 font definitions for OMX/zplm.
)
LaTeX Font Info:    Try loading font information for OT1+zplm on input line 38.


("C:\Program Files\MiKTeX 2.5\tex\latex\psnfss\ot1zplm.fd"
File: ot1zplm.fd 2002/09/08 Fontinst v1.914 font definitions for OT1/zplm.
)
LaTeX Font Info:    Font shape `U/msa/m/n' will be
(Font)              scaled to size 12.50409pt on input line 38.

("C:\Program Files\MiKTeX 2.5\tex\latex\microtype\mt-msa.cfg"
File: mt-msa.cfg 2006/02/04 v1.1 microtype config. file: AMS symbols (a) (RS)
)
LaTeX Font Info:    Font shape `U/msa/m/n' will be
(Font)              scaled to size 9.37807pt on input line 38.
LaTeX Font Info:    Font shape `U/msa/m/n' will be
(Font)              scaled to size 7.29405pt on input line 38.
LaTeX Font Info:    Font shape `U/msb/m/n' will be
(Font)              scaled to size 12.50409pt on input line 38.

("C:\Program Files\MiKTeX 2.5\tex\latex\microtype\mt-msb.cfg"
File: mt-msb.cfg 2005/06/01 v1.0 microtype config. file: AMS symbols (b) (RS)
)
LaTeX Font Info:    Font shape `U/msb/m/n' will be
(Font)              scaled to size 9.37807pt on input line 38.
LaTeX Font Info:    Font shape `U/msb/m/n' will be
(Font)              scaled to size 7.29405pt on input line 38.
LaTeX Font Info:    Font shape `U/msa/m/n' will be
(Font)              scaled to size 10.42007pt on input line 47.
LaTeX Font Info:    Font shape `U/msa/m/n' will be
(Font)              scaled to size 7.91925pt on input line 47.
LaTeX Font Info:    Font shape `U/msa/m/n' will be
(Font)              scaled to size 6.25204pt on input line 47.
LaTeX Font Info:    Font shape `U/msb/m/n' will be
(Font)              scaled to size 10.42007pt on input line 47.
LaTeX Font Info:    Font shape `U/msb/m/n' will be
(Font)              scaled to size 7.91925pt on input line 47.
LaTeX Font Info:    Font shape `U/msb/m/n' will be
(Font)              scaled to size 6.25204pt on input line 47.
 [3]
LaTeX Font Info:    Try loading font information for TS1+ppl on input line 76.

("C:\Program Files\MiKTeX 2.5\tex\latex\psnfss\ts1ppl.fd"
File: ts1ppl.fd 2001/06/04 font definitions for TS1/ppl.
)
l. 84 Writing errata.idv[1] (errata0x.png)
l. 97 Writing errata.idv[2] (errata1x.png)
l. 97 Writing errata.idv[3] (errata2x.png)
l. 97 Writing errata.idv[4] (errata3x.png)
 [4]
l. 103 Writing errata.idv[5] (errata4x.png)
l. 103 Writing errata.idv[6] (errata5x.png)
l. 133 Writing errata.idv[7] (errata6x.png)
l. 135 Writing errata.idv[8] (errata7x.png)
 [5]
l. 155 Writing errata.idv[9] (errata8x.png)
l. 155 Writing errata.idv[10] (errata9x.png)
l. 156 Writing errata.idv[11] (errata10x.png)
l. 156 Writing errata.idv[12] (errata11x.png)
l. 156 Writing errata.idv[13] (errata12x.png)
l. 156 Writing errata.idv[14] (errata13x.png)
l. 182 Writing errata.idv[15] (errata14x.png)
 [6]
l. 192 Writing errata.idv[16] (errata15x.png)
l. 192 Writing errata.idv[17] (errata16x.png)
 [7]
l. 247 Writing errata.idv[18] (errata17x.png)
l. 247 Writing errata.idv[19] (errata18x.png)

[8] (errata.aux) ) 
Here is how much of TeX's memory you used:
 10599 strings out of 95420
 130027 string characters out of 1187320
 326387 words of memory out of 1324967
 13148 multiletter control sequences out of 60000
 40089 words of font info for 89 fonts, out of 1000000 for 2000
 14 hyphenation exceptions out of 8191
 33i,7n,34p,1180b,555s stack positions out of 5000i,500n,10000p,200000b,32768s

Output written on errata.dvi (8 pages, 45284 bytes).
